Microchip Technology Inc, v1.70 (B)

Tool Name:
  c:\program files\microchip\xc16\v1.70\bin\bin\..\bin/elf-ld.exe

Command:
  -p24FJ48GA004 \
  --mdfp=C:/Users/fa052670/.mchp_packs/Microchip/PIC24F-GA-GB_DFP/1.5.181/xc16 \
  -o \
  dist/default/production/Jiga_AMT_8000_V2_4.X.production.elf \
  -Lc:/program files/microchip/xc16/v1.70/bin/bin/.. \
  -LC:/Users/fa052670/.mchp_packs/Microchip/PIC24F-GA-GB_DFP/1.5.181/xc16/bin/../support/PIC24F/gld \
  -Lc:/program files/microchip/xc16/v1.70/bin/bin/../../lib \
  -Lc:/program files/microchip/xc16/v1.70/bin/bin/../../support/PIC24E/gld \
  -Lc:/program files/microchip/xc16/v1.70/bin/bin/../../support/PIC24F/gld \
  -Lc:/program files/microchip/xc16/v1.70/bin/bin/../../support/PIC24H/gld \
  -Lc:/program files/microchip/xc16/v1.70/bin/bin/../../support/dsPIC30F/gld \
  -Lc:/program files/microchip/xc16/v1.70/bin/bin/../../support/dsPIC33C/gld \
  -Lc:/program files/microchip/xc16/v1.70/bin/bin/../../support/dsPIC33E/gld \
  -Lc:/program files/microchip/xc16/v1.70/bin/bin/../../support/dsPIC33F/gld \
  build/default/production/_ext/1472/ApoioTeste.o \
  build/default/production/_ext/1472/ConversorAD.o \
  build/default/production/_ext/1472/Display.o \
  build/default/production/_ext/1472/InicioFimTeste.o \
  build/default/production/_ext/1472/Interrupcao.o \
  build/default/production/_ext/1472/Reles.o \
  build/default/production/_ext/1472/bus_master.o \
  build/default/production/_ext/1472/Gravador.o \
  build/default/production/_ext/1472/Placa_principal.o \
  build/default/production/_ext/1472/RotinaTeste_AMT8000_V_2_4.o \
  --defsym=__MPLAB_BUILD=1 \
  -Tp24FJ48GA004.gld.00 \
  --check-sections \
  --data-init \
  --pack-data \
  --handles \
  --isr \
  --no-gc-sections \
  --fill-upper=0 \
  --stackguard=16 \
  --library-path=../ANM 2008 MF \
  --library-path=. \
  --no-force-link \
  --smart-io \
  -Map=dist/default/production/Jiga_Universal_-_ANM_2008_MF.X.production.map \
  --report-mem \
  --memorysummary \
  dist/default/production/memoryfile.xml \
  -start-group \
  --library=pic30-elf \
  --library=m-elf \
  --library=c-elf \
  -end-group \


Optional library libpPIC24Fxxx.a not found
Archive member included because of file (symbol)

c:/program files/microchip/xc16/v1.70/bin/bin/../../lib\libpic30-elf.a(crt0_standard.o)
                              (__resetPRI)
c:/program files/microchip/xc16/v1.70/bin/bin/../../lib\libpic30-elf.a(data_init_standard.o)
                              c:/program files/microchip/xc16/v1.70/bin/bin/../../lib\libpic30-elf.a(crt0_standard.o) (__data_init_standard)
c:/program files/microchip/xc16/v1.70/bin/bin/../../lib\libpic30-elf.a(crt_start_mode_normal.eo)
                              (__crt_start_mode_normal)


xc16-ld 1.70 (B)

Default Code Model: Small
Default Data Model: Large
Default Scalar Model: Small

"program" Memory  [Origin = 0x200, Length = 0x81fc]

section                    address   length (PC units)   length (bytes) (dec)
-------                    -------   -----------------   --------------------
.text                        0x200               0x1fe           0x2fd  (765)
.const                       0x3fe              0x12fa          0x1c77  (7287)
.text                       0x16f8              0x2094          0x30de  (12510)
.dinit                      0x378c                0x38            0x54  (84)
.text                       0x37c4                0x44            0x66  (102)

                 Total "program" memory used (bytes):         0x510c  (20748) 41%


"data" Memory  [Origin = 0x800, Length = 0x2000]

section                    address      alignment gaps    total length  (dec)
-------                    -------      --------------    -------------------
.nbss                        0x800                   0            0xa4  (164)
.bss                         0x8a4                   0           0x1c8  (456)

                 Total "data" memory used (bytes):          0x26c  (620) 7%


Dynamic Memory Usage

region                     address                      maximum length  (dec)
------                     -------                      ---------------------
heap                             0                                   0  (0)
stack                        0xa6c                              0x1d94  (7572)

                 Maximum dynamic memory (bytes):         0x1d94  (7572)

Info: Project is using a large data memory model when small data memory model is sufficient.


External Symbols in Data Memory (by address):

                    0x0800                  _BUS_CRC
                    0x0801                  _board_type
                    0x0802                  _board_type_recieved
                    0x0803                  _addr_slave
                    0x0804                  _addr_recieved
                    0x0805                  _send_msg_state
                    0x0806                  _comand
                    0x0807                  _rx_count
                    0x0808                  _tx_count
                    0x0809                  _num_bytes
                    0x080a                  _BUS_ACK
                    0x080b                  _full_recieved
                    0x080c                  _chave_S1_acionada
                    0x080d                  _chave_S2_acionada
                    0x080e                  _chave_S3_acionada
                    0x080f                  _flag_chave
                    0x0810                  _time_adc
                    0x0811                  _temp
                    0x0812                  _chaves_old
                    0x0814                  _BUS_timeout
                    0x0816                  _loop_query
                    0x0818                  _mseg_temp
                    0x081a                  _ADCValue
                    0x081c                  _delay
                    0x081e                  __flags
                    0x0820                  _ErroTesteReles
                    0x0822                  _IniciaTesteReles
                    0x0824                  _DelayTesteReles
                    0x0826                  _ResetAtv
                    0x0828                  _TempoEmTeste
                    0x082a                  _EstagioTeste
                    0x082c                  _EmTeste
                    0x082e                  _TesteOK
                    0x0830                  _TestDelay
                    0x0832                  _TeclaPressionada
                    0x0834                  _VerifyPresentBusDevicesFlag
                    0x0836                  _LeTeclasDelay
                    0x0838                  _IniciaTesteFlag
                    0x083a                  _IniciaTesteState
                    0x083c                  _IniciaTesteDelay
                    0x083e                  _FinalizaTesteFlag
                    0x0840                  _FinalizaTesteState
                    0x0842                  _FinalizaTesteDelay
                    0x0844                  _TestTimeout
                    0x0846                  _ResultTimeoutFlag
                    0x0848                  _TimeoutFimTeste
                    0x084a                  _Placa
                    0x084c                  _CalibraJiga
                    0x084d                  _GravaFWTeste
                    0x084e                  _RepeteGravacao
                    0x0850                  _LiberaTestePlaca1
                    0x0852                  _LiberaTestePlaca2
                    0x0854                  _MsgToShowPtr_RD
                    0x0855                  _MsgToShowPtr_WR
                    0x0856                  _MsgToShowDelay
                    0x0857                  _IndexMsgTimeOut
                    0x0858                  _TemErro
                    0x085a                  _TimeOutDelay
                    0x085c                  _TimeOutGrava
                    0x085e                  _ContadorErro
                    0x0860                  __ApoioFlags
                    0x0862                  _OnOffRelay_msDelay
                    0x0864                  _OffOnRelay_msDelay
                    0x0866                  _Count
                    0x0868                  _Counter
                    0x086a                  _Counter_Nok
                    0x086c                  _grava
                    0x086e                  _VarErro
                    0x0870                  _GRVerified
                    0x0871                  _count
                    0x0872                  _valor
                    0x0873                  _SinalizaErroPlaca1
                    0x0874                  _SinalizaErroPlaca2
                    0x0875                  _DefeitoPlaca1
                    0x0876                  _DefeitoPlaca2
                    0x0877                  _PosicaoPlaca1
                    0x0878                  _PosicaoPlaca2
                    0x0898                  _LarguraPulsoAlto
                    0x089a                  _LarguraPulsoBaixo
                    0x089c                  _LarguraPulsoAltoInst
                    0x089e                  _LarguraPulsoBaixoInst
                    0x08a0                  _RecieveTimeout
                    0x08a4                  _bus_rx_buffer
                    0x091c                  _bus_tx_buffer
                    0x0994                  _versao
                    0x09b2                  _StatusGr
                    0x09c2                  _bus_fail_counter
                    0x09da                  _MsgToShowBuffer
                    0x0a3e                  _Placa1
                    0x0a50                  _Placa2
                    0x0a62                  _GRError
                    0x0a64                  _GravacaoOk
                    0x0a66                  _PlacaOk

External Symbols in Data Memory (by name):

                    0x081a                  _ADCValue
                    0x080a                  _BUS_ACK
                    0x0800                  _BUS_CRC
                    0x0814                  _BUS_timeout
                    0x084c                  _CalibraJiga
                    0x085e                  _ContadorErro
                    0x0866                  _Count
                    0x0868                  _Counter
                    0x086a                  _Counter_Nok
                    0x0875                  _DefeitoPlaca1
                    0x0876                  _DefeitoPlaca2
                    0x0824                  _DelayTesteReles
                    0x082c                  _EmTeste
                    0x0820                  _ErroTesteReles
                    0x082a                  _EstagioTeste
                    0x0842                  _FinalizaTesteDelay
                    0x083e                  _FinalizaTesteFlag
                    0x0840                  _FinalizaTesteState
                    0x0a62                  _GRError
                    0x0870                  _GRVerified
                    0x084d                  _GravaFWTeste
                    0x0a64                  _GravacaoOk
                    0x0857                  _IndexMsgTimeOut
                    0x083c                  _IniciaTesteDelay
                    0x0838                  _IniciaTesteFlag
                    0x0822                  _IniciaTesteReles
                    0x083a                  _IniciaTesteState
                    0x0898                  _LarguraPulsoAlto
                    0x089c                  _LarguraPulsoAltoInst
                    0x089a                  _LarguraPulsoBaixo
                    0x089e                  _LarguraPulsoBaixoInst
                    0x0836                  _LeTeclasDelay
                    0x0850                  _LiberaTestePlaca1
                    0x0852                  _LiberaTestePlaca2
                    0x09da                  _MsgToShowBuffer
                    0x0856                  _MsgToShowDelay
                    0x0854                  _MsgToShowPtr_RD
                    0x0855                  _MsgToShowPtr_WR
                    0x0864                  _OffOnRelay_msDelay
                    0x0862                  _OnOffRelay_msDelay
                    0x084a                  _Placa
                    0x0a3e                  _Placa1
                    0x0a50                  _Placa2
                    0x0a66                  _PlacaOk
                    0x0877                  _PosicaoPlaca1
                    0x0878                  _PosicaoPlaca2
                    0x08a0                  _RecieveTimeout
                    0x084e                  _RepeteGravacao
                    0x0826                  _ResetAtv
                    0x0846                  _ResultTimeoutFlag
                    0x0873                  _SinalizaErroPlaca1
                    0x0874                  _SinalizaErroPlaca2
                    0x09b2                  _StatusGr
                    0x0832                  _TeclaPressionada
                    0x0858                  _TemErro
                    0x0828                  _TempoEmTeste
                    0x0830                  _TestDelay
                    0x0844                  _TestTimeout
                    0x082e                  _TesteOK
                    0x085a                  _TimeOutDelay
                    0x085c                  _TimeOutGrava
                    0x0848                  _TimeoutFimTeste
                    0x086e                  _VarErro
                    0x0834                  _VerifyPresentBusDevicesFlag
                    0x0860                  __ApoioFlags
                    0x081e                  __flags
                    0x0804                  _addr_recieved
                    0x0803                  _addr_slave
                    0x0801                  _board_type
                    0x0802                  _board_type_recieved
                    0x09c2                  _bus_fail_counter
                    0x08a4                  _bus_rx_buffer
                    0x091c                  _bus_tx_buffer
                    0x080c                  _chave_S1_acionada
                    0x080d                  _chave_S2_acionada
                    0x080e                  _chave_S3_acionada
                    0x0812                  _chaves_old
                    0x0806                  _comand
                    0x0871                  _count
                    0x081c                  _delay
                    0x080f                  _flag_chave
                    0x080b                  _full_recieved
                    0x086c                  _grava
                    0x0816                  _loop_query
                    0x0818                  _mseg_temp
                    0x0809                  _num_bytes
                    0x0807                  _rx_count
                    0x0805                  _send_msg_state
                    0x0811                  _temp
                    0x0810                  _time_adc
                    0x0808                  _tx_count
                    0x0872                  _valor
                    0x0994                  _versao

External Symbols in Program Memory (by address):

                  0x000200                  __resetPRI
                  0x00023c                  __psv_init
                  0x000252                  __data_init
                  0x000252                  __data_init_standard
                  0x0002c8                  __T5Interrupt
                  0x0003d0                  __T1Interrupt
                  0x0003f8                  __DefaultInterrupt
                  0x0003fe                  _MensagensGerais
                  0x000d5e                  _MensagensFixas
                  0x0016be                  _PresentDevices
                  0x0016d1                  _Type
                  0x0016e4                  _Address
                  0x0016f8                  _MostraResultado
                  0x001afe                  _VerificaGravacao
                  0x001d5a                  _RotinaDeTeste
                  0x002ac6                  _BUS_Proc
                  0x002ddc                  _BusSendMessage
                  0x002e34                  _PutErrorMessageOnBuffer
                  0x002e52                  _VerifyPresentBusDevices
                  0x002f16                  _ShowErrorMessages
                  0x002fa4                  _VerificaTeclas
                  0x003092                  _IniciaTeste
                  0x00316a                  _FinalizaTeste
                  0x003212                  _ResultTimeout
                  0x003272                  _LimpaDisplay
                  0x003280                  _SendTextMessage
                  0x0032f6                  _EmiteBipe
                  0x003314                  _LimpaBufferTeclasDisplay
                  0x003322                  _ExibeTensaoLida
                  0x00335e                  _EstadoTeclas
                  0x003384                  _SendProductName
                  0x003392                  _ExibeContador
                  0x003468                  _SetAverageVoltage
                  0x003496                  _ADReadVoltage
                  0x0034f8                  _ADReadPeriod
                  0x00354a                  _ADReadInstantPeriod
                  0x00359c                  _SetOnOffRelay_ms
                  0x0035be                  _ExecuteOnOffRelay_ms
                  0x00360a                  _SetOffOnRelay_ms
                  0x00362a                  _ExecuteOffOnRelay_ms
                  0x003676                  _main
                  0x003718                  _SetProcessador
                  0x003736                  _InitProg
                  0x003754                  _GrReadStatus
                  0x0037c4                  _AlteraEstadoReles
                  0x0037e4                  _DesligaReles
                  0x0037f4                  _Delay_ms

External Symbols in Program Memory (by name):

                  0x00354a                  _ADReadInstantPeriod
                  0x0034f8                  _ADReadPeriod
                  0x003496                  _ADReadVoltage
                  0x0016e4                  _Address
                  0x0037c4                  _AlteraEstadoReles
                  0x002ac6                  _BUS_Proc
                  0x002ddc                  _BusSendMessage
                  0x0037f4                  _Delay_ms
                  0x0037e4                  _DesligaReles
                  0x0032f6                  _EmiteBipe
                  0x00335e                  _EstadoTeclas
                  0x00362a                  _ExecuteOffOnRelay_ms
                  0x0035be                  _ExecuteOnOffRelay_ms
                  0x003392                  _ExibeContador
                  0x003322                  _ExibeTensaoLida
                  0x00316a                  _FinalizaTeste
                  0x003754                  _GrReadStatus
                  0x003092                  _IniciaTeste
                  0x003736                  _InitProg
                  0x003314                  _LimpaBufferTeclasDisplay
                  0x003272                  _LimpaDisplay
                  0x000d5e                  _MensagensFixas
                  0x0003fe                  _MensagensGerais
                  0x0016f8                  _MostraResultado
                  0x0016be                  _PresentDevices
                  0x002e34                  _PutErrorMessageOnBuffer
                  0x003212                  _ResultTimeout
                  0x001d5a                  _RotinaDeTeste
                  0x003384                  _SendProductName
                  0x003280                  _SendTextMessage
                  0x003468                  _SetAverageVoltage
                  0x00360a                  _SetOffOnRelay_ms
                  0x00359c                  _SetOnOffRelay_ms
                  0x003718                  _SetProcessador
                  0x002f16                  _ShowErrorMessages
                  0x0016d1                  _Type
                  0x001afe                  _VerificaGravacao
                  0x002fa4                  _VerificaTeclas
                  0x002e52                  _VerifyPresentBusDevices
                  0x0003f8                  __DefaultInterrupt
                  0x0003d0                  __T1Interrupt
                  0x0002c8                  __T5Interrupt
                  0x000252                  __data_init
                  0x000252                  __data_init_standard
                  0x00023c                  __psv_init
                  0x000200                  __resetPRI
                  0x003676                  _main

Memory Configuration

Name             Origin             Length             Attributes
data             0x000800           0x002000           a !xr
reset            0x000000           0x000004  
ivt              0x000004           0x0000fc  
_reserved        0x000100           0x000004  
aivt             0x000104           0x0000fc  
program          0x000200           0x0081fc           xr
CONFIG2          0x0083fc           0x000002  
CONFIG1          0x0083fe           0x000002  
*default*        0x000000           0xffffffff  

Linker script and memory map

LOAD build/default/production/_ext/1472/ApoioTeste.o
LOAD build/default/production/_ext/1472/ConversorAD.o
LOAD build/default/production/_ext/1472/Display.o
LOAD build/default/production/_ext/1472/InicioFimTeste.o
LOAD build/default/production/_ext/1472/Interrupcao.o
LOAD build/default/production/_ext/1472/Reles.o
LOAD build/default/production/_ext/1472/bus_master.o
LOAD build/default/production/_ext/1472/Gravador.o
LOAD build/default/production/_ext/1472/Placa_principal.o
LOAD build/default/production/_ext/1472/RotinaTeste_AMT8000_V_2_4.o
                    0x0001                  __MPLAB_BUILD = 0x1
LOAD pPIC24Fxxx
LOAD c:/program files/microchip/xc16/v1.70/bin/bin/../../lib\libfx-elf.a
                    0x83fc                  __CONFIG2 = 0x83fc
                    0x83fe                  __CONFIG1 = 0x83fe
                    0x0001                  __NO_HANDLES = 0x1
                    0x0200                  __CODE_BASE = 0x200
                    0x81fc                  __CODE_LENGTH = 0x81fc
                    0x0004                  __IVT_BASE = 0x4
                    0x0104                  __AIVT_BASE = 0x104
                    0x0800                  __DATA_BASE = 0x800
                    0x2000                  __DATA_LENGTH = 0x2000

.reset            0x000000          0x4
                  0x000000          0x2 SHORT 0x200 ABSOLUTE (__reset)
                  0x000001          0x2 SHORT 0x4
                  0x000002          0x2 SHORT 0x0 ((ABSOLUTE (__reset) >> 0x10) & 0x7f)
                  0x000003          0x2 SHORT 0x0

.text             0x000200        0x1fe
 *(.init)
 .init            0x000200         0x4c c:/program files/microchip/xc16/v1.70/bin/bin/../../lib\libpic30-elf.a(crt0_standard.o)
                  0x000200                  __resetPRI
                  0x000200                  __reset
                  0x00023c                  __psv_init
 .init            0x00024c         0x7c c:/program files/microchip/xc16/v1.70/bin/bin/../../lib\libpic30-elf.a(data_init_standard.o)
                  0x000252                  __data_init_standard
                  0x000252                  __data_init
 *(.user_init)
 *(.handle)
 *(.isr*)
 .isr.text        0x0002c8        0x130 build/default/production/_ext/1472/Interrupcao.o
                  0x0002c8                  __T5Interrupt
                  0x0003d0                  __T1Interrupt
 .isr             0x0003f8          0x4 default_isr
                  0x0003f8                  __DefaultInterrupt
 *(.libc)
 *(.libm)
 *(.libdsp)
 *(.lib*)
 .libpic30_crt_start_mode
                  0x0003fc          0x2 c:/program files/microchip/xc16/v1.70/bin/bin/../../lib\libpic30-elf.a(crt_start_mode_normal.eo)
                  0x0003fc                  __crt_start_mode
                  0x0003fc                  __crt_start_mode_normal

usercode
 *(usercode)

__CONFIG2         0x0083fc          0x2
 *(__CONFIG2.sec*)
 __CONFIG2.sec    0x0083fc          0x2 build/default/production/_ext/1472/Placa_principal.o

__CONFIG1         0x0083fe          0x2
 *(__CONFIG1.sec*)
 __CONFIG1.sec    0x0083fe          0x2 build/default/production/_ext/1472/Placa_principal.o

.comment
 *(.comment)

.debug_info       0x000000       0x5905
 *(.debug_info)
 .debug_info      0x000000        0x432 build/default/production/_ext/1472/ApoioTeste.o
 .debug_info      0x000432        0x3e6 build/default/production/_ext/1472/ConversorAD.o
 .debug_info      0x000818        0x4b6 build/default/production/_ext/1472/Display.o
 .debug_info      0x000cce        0x760 build/default/production/_ext/1472/InicioFimTeste.o
 .debug_info      0x00142e        0x67e build/default/production/_ext/1472/Interrupcao.o
 .debug_info      0x001aac        0x228 build/default/production/_ext/1472/Reles.o
 .debug_info      0x001cd4        0x9fe build/default/production/_ext/1472/bus_master.o
 .debug_info      0x0026d2        0x2ce build/default/production/_ext/1472/Gravador.o
 .debug_info      0x0029a0       0x1fa5 build/default/production/_ext/1472/Placa_principal.o
 .debug_info      0x004945        0xfc0 build/default/production/_ext/1472/RotinaTeste_AMT8000_V_2_4.o
 *(.gnu.linkonce.wi.*)

.debug_abbrev     0x000000        0xa5f
 *(.debug_abbrev)
 .debug_abbrev    0x000000         0xc7 build/default/production/_ext/1472/ApoioTeste.o
 .debug_abbrev    0x0000c7         0xe0 build/default/production/_ext/1472/ConversorAD.o
 .debug_abbrev    0x0001a7         0xe4 build/default/production/_ext/1472/Display.o
 .debug_abbrev    0x00028b         0xc9 build/default/production/_ext/1472/InicioFimTeste.o
 .debug_abbrev    0x000354        0x116 build/default/production/_ext/1472/Interrupcao.o
 .debug_abbrev    0x00046a         0x7e build/default/production/_ext/1472/Reles.o
 .debug_abbrev    0x0004e8        0x1ad build/default/production/_ext/1472/bus_master.o
 .debug_abbrev    0x000695         0x8f build/default/production/_ext/1472/Gravador.o
 .debug_abbrev    0x000724        0x1ad build/default/production/_ext/1472/Placa_principal.o
 .debug_abbrev    0x0008d1        0x18e build/default/production/_ext/1472/RotinaTeste_AMT8000_V_2_4.o

.debug_line       0x000000        0xb43
 *(.debug_line)
 .debug_line      0x000000         0x76 build/default/production/_ext/1472/ApoioTeste.o
 .debug_line      0x000076         0x84 build/default/production/_ext/1472/ConversorAD.o
 .debug_line      0x0000fa         0xc3 build/default/production/_ext/1472/Display.o
 .debug_line      0x0001bd         0xe6 build/default/production/_ext/1472/InicioFimTeste.o
 .debug_line      0x0002a3        0x14e build/default/production/_ext/1472/Interrupcao.o
 .debug_line      0x0003f1         0x54 build/default/production/_ext/1472/Reles.o
 .debug_line      0x000445        0x1f8 build/default/production/_ext/1472/bus_master.o
 .debug_line      0x00063d         0x62 build/default/production/_ext/1472/Gravador.o
 .debug_line      0x00069f        0x13d build/default/production/_ext/1472/Placa_principal.o
 .debug_line      0x0007dc        0x367 build/default/production/_ext/1472/RotinaTeste_AMT8000_V_2_4.o

.debug_frame      0x000000        0x4c6
 *(.debug_frame)
 .debug_frame     0x000000         0x7c build/default/production/_ext/1472/ApoioTeste.o
 .debug_frame     0x00007c         0x7c build/default/production/_ext/1472/ConversorAD.o
 .debug_frame     0x0000f8         0xe4 build/default/production/_ext/1472/Display.o
 .debug_frame     0x0001dc         0x7c build/default/production/_ext/1472/InicioFimTeste.o
 .debug_frame     0x000258         0x9e build/default/production/_ext/1472/Interrupcao.o
 .debug_frame     0x0002f6         0x48 build/default/production/_ext/1472/Reles.o
 .debug_frame     0x00033e         0x96 build/default/production/_ext/1472/bus_master.o
 .debug_frame     0x0003d4         0x62 build/default/production/_ext/1472/Gravador.o
 .debug_frame     0x000436         0x2e build/default/production/_ext/1472/Placa_principal.o
 .debug_frame     0x000464         0x62 build/default/production/_ext/1472/RotinaTeste_AMT8000_V_2_4.o

.debug_str        0x000000        0x7c6
 *(.debug_str)
 .debug_str       0x000000         0x44 build/default/production/_ext/1472/ApoioTeste.o
 .debug_str       0x000044         0x90 build/default/production/_ext/1472/ConversorAD.o
 .debug_str       0x0000d4         0x53 build/default/production/_ext/1472/Display.o
 .debug_str       0x000127        0x193 build/default/production/_ext/1472/InicioFimTeste.o
 .debug_str       0x0002ba         0xf4 build/default/production/_ext/1472/Interrupcao.o
 .debug_str       0x0003ae         0x1d build/default/production/_ext/1472/Reles.o
 .debug_str       0x0003cb        0x163 build/default/production/_ext/1472/bus_master.o
 .debug_str       0x00052e         0x34 build/default/production/_ext/1472/Gravador.o
 .debug_str       0x000562         0xa8 build/default/production/_ext/1472/Placa_principal.o
 .debug_str       0x00060a        0x1bc build/default/production/_ext/1472/RotinaTeste_AMT8000_V_2_4.o

.debug_loc
 *(.debug_loc)

.debug_macinfo
 *(.debug_macinfo)

.debug_pubnames
                  0x000000        0xa14
 *(.debug_pubnames)
 .debug_pubnames
                  0x000000         0x6e build/default/production/_ext/1472/ApoioTeste.o
 .debug_pubnames
                  0x00006e         0xc1 build/default/production/_ext/1472/ConversorAD.o
 .debug_pubnames
                  0x00012f         0xd4 build/default/production/_ext/1472/Display.o
 .debug_pubnames
                  0x000203         0x59 build/default/production/_ext/1472/InicioFimTeste.o
 .debug_pubnames
                  0x00025c         0x41 build/default/production/_ext/1472/Interrupcao.o
 .debug_pubnames
                  0x00029d         0x39 build/default/production/_ext/1472/Reles.o
 .debug_pubnames
                  0x0002d6         0xbb build/default/production/_ext/1472/bus_master.o
 .debug_pubnames
                  0x000391         0x43 build/default/production/_ext/1472/Gravador.o
 .debug_pubnames
                  0x0003d4        0x507 build/default/production/_ext/1472/Placa_principal.o
 .debug_pubnames
                  0x0008db        0x139 build/default/production/_ext/1472/RotinaTeste_AMT8000_V_2_4.o

.debug_ranges
 *(.debug_ranges)

.debug_aranges    0x000000         0xf0
 *(.debug_aranges)
 .debug_aranges
                  0x000000         0x18 build/default/production/_ext/1472/ApoioTeste.o
 .debug_aranges
                  0x000018         0x18 build/default/production/_ext/1472/ConversorAD.o
 .debug_aranges
                  0x000030         0x18 build/default/production/_ext/1472/Display.o
 .debug_aranges
                  0x000048         0x18 build/default/production/_ext/1472/InicioFimTeste.o
 .debug_aranges
                  0x000060         0x18 build/default/production/_ext/1472/Interrupcao.o
 .debug_aranges
                  0x000078         0x18 build/default/production/_ext/1472/Reles.o
 .debug_aranges
                  0x000090         0x18 build/default/production/_ext/1472/bus_master.o
 .debug_aranges
                  0x0000a8         0x18 build/default/production/_ext/1472/Gravador.o
 .debug_aranges
                  0x0000c0         0x18 build/default/production/_ext/1472/Placa_principal.o
 .debug_aranges
                  0x0000d8         0x18 build/default/production/_ext/1472/RotinaTeste_AMT8000_V_2_4.o
                    0x0000                  WREG0 = 0x0
                    0x0000                  _WREG0 = 0x0
                    0x0002                  WREG1 = 0x2
                    0x0002                  _WREG1 = 0x2
                    0x0004                  WREG2 = 0x4
                    0x0004                  _WREG2 = 0x4
                    0x0006                  WREG3 = 0x6
                    0x0006                  _WREG3 = 0x6
                    0x0008                  WREG4 = 0x8
                    0x0008                  _WREG4 = 0x8
                    0x000a                  WREG5 = 0xa
                    0x000a                  _WREG5 = 0xa
                    0x000c                  WREG6 = 0xc
                    0x000c                  _WREG6 = 0xc
                    0x000e                  WREG7 = 0xe
                    0x000e                  _WREG7 = 0xe
                    0x0010                  WREG8 = 0x10
                    0x0010                  _WREG8 = 0x10
                    0x0012                  WREG9 = 0x12
                    0x0012                  _WREG9 = 0x12
                    0x0014                  WREG10 = 0x14
                    0x0014                  _WREG10 = 0x14
                    0x0016                  WREG11 = 0x16
                    0x0016                  _WREG11 = 0x16
                    0x0018                  WREG12 = 0x18
                    0x0018                  _WREG12 = 0x18
                    0x001a                  WREG13 = 0x1a
                    0x001a                  _WREG13 = 0x1a
                    0x001c                  WREG14 = 0x1c
                    0x001c                  _WREG14 = 0x1c
                    0x001e                  WREG15 = 0x1e
                    0x001e                  _WREG15 = 0x1e
                    0x0020                  SPLIM = 0x20
                    0x0020                  _SPLIM = 0x20
                    0x002e                  PCL = 0x2e
                    0x002e                  _PCL = 0x2e
                    0x0030                  PCH = 0x30
                    0x0030                  _PCH = 0x30
                    0x0032                  TBLPAG = 0x32
                    0x0032                  _TBLPAG = 0x32
                    0x0034                  PSVPAG = 0x34
                    0x0034                  _PSVPAG = 0x34
                    0x0036                  RCOUNT = 0x36
                    0x0036                  _RCOUNT = 0x36
                    0x0042                  SR = 0x42
                    0x0042                  _SR = 0x42
                    0x0042                  _SRbits = 0x42
                    0x0044                  CORCON = 0x44
                    0x0044                  _CORCON = 0x44
                    0x0044                  _CORCONbits = 0x44
                    0x0052                  DISICNT = 0x52
                    0x0052                  _DISICNT = 0x52
                    0x0060                  CNEN1 = 0x60
                    0x0060                  _CNEN1 = 0x60
                    0x0060                  _CNEN1bits = 0x60
                    0x0062                  CNEN2 = 0x62
                    0x0062                  _CNEN2 = 0x62
                    0x0062                  _CNEN2bits = 0x62
                    0x0068                  CNPU1 = 0x68
                    0x0068                  _CNPU1 = 0x68
                    0x0068                  _CNPU1bits = 0x68
                    0x006a                  CNPU2 = 0x6a
                    0x006a                  _CNPU2 = 0x6a
                    0x006a                  _CNPU2bits = 0x6a
                    0x0080                  INTCON1 = 0x80
                    0x0080                  _INTCON1 = 0x80
                    0x0080                  _INTCON1bits = 0x80
                    0x0082                  INTCON2 = 0x82
                    0x0082                  _INTCON2 = 0x82
                    0x0082                  _INTCON2bits = 0x82
                    0x0084                  IFS0 = 0x84
                    0x0084                  _IFS0 = 0x84
                    0x0084                  _IFS0bits = 0x84
                    0x0086                  IFS1 = 0x86
                    0x0086                  _IFS1 = 0x86
                    0x0086                  _IFS1bits = 0x86
                    0x0088                  IFS2 = 0x88
                    0x0088                  _IFS2 = 0x88
                    0x0088                  _IFS2bits = 0x88
                    0x008a                  IFS3 = 0x8a
                    0x008a                  _IFS3 = 0x8a
                    0x008a                  _IFS3bits = 0x8a
                    0x008c                  IFS4 = 0x8c
                    0x008c                  _IFS4 = 0x8c
                    0x008c                  _IFS4bits = 0x8c
                    0x0094                  IEC0 = 0x94
                    0x0094                  _IEC0 = 0x94
                    0x0094                  _IEC0bits = 0x94
                    0x0096                  IEC1 = 0x96
                    0x0096                  _IEC1 = 0x96
                    0x0096                  _IEC1bits = 0x96
                    0x0098                  IEC2 = 0x98
                    0x0098                  _IEC2 = 0x98
                    0x0098                  _IEC2bits = 0x98
                    0x009a                  IEC3 = 0x9a
                    0x009a                  _IEC3 = 0x9a
                    0x009a                  _IEC3bits = 0x9a
                    0x009c                  IEC4 = 0x9c
                    0x009c                  _IEC4 = 0x9c
                    0x009c                  _IEC4bits = 0x9c
                    0x00a4                  IPC0 = 0xa4
                    0x00a4                  _IPC0 = 0xa4
                    0x00a4                  _IPC0bits = 0xa4
                    0x00a6                  IPC1 = 0xa6
                    0x00a6                  _IPC1 = 0xa6
                    0x00a6                  _IPC1bits = 0xa6
                    0x00a8                  IPC2 = 0xa8
                    0x00a8                  _IPC2 = 0xa8
                    0x00a8                  _IPC2bits = 0xa8
                    0x00aa                  IPC3 = 0xaa
                    0x00aa                  _IPC3 = 0xaa
                    0x00aa                  _IPC3bits = 0xaa
                    0x00ac                  IPC4 = 0xac
                    0x00ac                  _IPC4 = 0xac
                    0x00ac                  _IPC4bits = 0xac
                    0x00ae                  IPC5 = 0xae
                    0x00ae                  _IPC5 = 0xae
                    0x00ae                  _IPC5bits = 0xae
                    0x00b0                  IPC6 = 0xb0
                    0x00b0                  _IPC6 = 0xb0
                    0x00b0                  _IPC6bits = 0xb0
                    0x00b2                  IPC7 = 0xb2
                    0x00b2                  _IPC7 = 0xb2
                    0x00b2                  _IPC7bits = 0xb2
                    0x00b4                  IPC8 = 0xb4
                    0x00b4                  _IPC8 = 0xb4
                    0x00b4                  _IPC8bits = 0xb4
                    0x00b6                  IPC9 = 0xb6
                    0x00b6                  _IPC9 = 0xb6
                    0x00b6                  _IPC9bits = 0xb6
                    0x00b8                  IPC10 = 0xb8
                    0x00b8                  _IPC10 = 0xb8
                    0x00b8                  _IPC10bits = 0xb8
                    0x00ba                  IPC11 = 0xba
                    0x00ba                  _IPC11 = 0xba
                    0x00ba                  _IPC11bits = 0xba
                    0x00bc                  IPC12 = 0xbc
                    0x00bc                  _IPC12 = 0xbc
                    0x00bc                  _IPC12bits = 0xbc
                    0x00c2                  IPC15 = 0xc2
                    0x00c2                  _IPC15 = 0xc2
                    0x00c2                  _IPC15bits = 0xc2
                    0x00c4                  IPC16 = 0xc4
                    0x00c4                  _IPC16 = 0xc4
                    0x00c4                  _IPC16bits = 0xc4
                    0x00c8                  IPC18 = 0xc8
                    0x00c8                  _IPC18 = 0xc8
                    0x00c8                  _IPC18bits = 0xc8
                    0x00e0                  INTTREG = 0xe0
                    0x00e0                  _INTTREG = 0xe0
                    0x00e0                  _INTTREGbits = 0xe0
                    0x0100                  TMR1 = 0x100
                    0x0100                  _TMR1 = 0x100
                    0x0102                  PR1 = 0x102
                    0x0102                  _PR1 = 0x102
                    0x0104                  T1CON = 0x104
                    0x0104                  _T1CON = 0x104
                    0x0104                  _T1CONbits = 0x104
                    0x0106                  TMR2 = 0x106
                    0x0106                  _TMR2 = 0x106
                    0x0108                  TMR3HLD = 0x108
                    0x0108                  _TMR3HLD = 0x108
                    0x010a                  TMR3 = 0x10a
                    0x010a                  _TMR3 = 0x10a
                    0x010c                  PR2 = 0x10c
                    0x010c                  _PR2 = 0x10c
                    0x010e                  PR3 = 0x10e
                    0x010e                  _PR3 = 0x10e
                    0x0110                  T2CON = 0x110
                    0x0110                  _T2CON = 0x110
                    0x0110                  _T2CONbits = 0x110
                    0x0112                  T3CON = 0x112
                    0x0112                  _T3CON = 0x112
                    0x0112                  _T3CONbits = 0x112
                    0x0114                  TMR4 = 0x114
                    0x0114                  _TMR4 = 0x114
                    0x0116                  TMR5HLD = 0x116
                    0x0116                  _TMR5HLD = 0x116
                    0x0118                  TMR5 = 0x118
                    0x0118                  _TMR5 = 0x118
                    0x011a                  PR4 = 0x11a
                    0x011a                  _PR4 = 0x11a
                    0x011c                  PR5 = 0x11c
                    0x011c                  _PR5 = 0x11c
                    0x011e                  T4CON = 0x11e
                    0x011e                  _T4CON = 0x11e
                    0x011e                  _T4CONbits = 0x11e
                    0x0120                  T5CON = 0x120
                    0x0120                  _T5CON = 0x120
                    0x0120                  _T5CONbits = 0x120
                    0x0140                  IC1BUF = 0x140
                    0x0140                  _IC1BUF = 0x140
                    0x0142                  IC1CON = 0x142
                    0x0142                  _IC1CON = 0x142
                    0x0142                  _IC1CONbits = 0x142
                    0x0144                  IC2BUF = 0x144
                    0x0144                  _IC2BUF = 0x144
                    0x0146                  IC2CON = 0x146
                    0x0146                  _IC2CON = 0x146
                    0x0146                  _IC2CONbits = 0x146
                    0x0148                  IC3BUF = 0x148
                    0x0148                  _IC3BUF = 0x148
                    0x014a                  IC3CON = 0x14a
                    0x014a                  _IC3CON = 0x14a
                    0x014a                  _IC3CONbits = 0x14a
                    0x014c                  IC4BUF = 0x14c
                    0x014c                  _IC4BUF = 0x14c
                    0x014e                  IC4CON = 0x14e
                    0x014e                  _IC4CON = 0x14e
                    0x014e                  _IC4CONbits = 0x14e
                    0x0150                  IC5BUF = 0x150
                    0x0150                  _IC5BUF = 0x150
                    0x0152                  IC5CON = 0x152
                    0x0152                  _IC5CON = 0x152
                    0x0152                  _IC5CONbits = 0x152
                    0x0180                  OC1RS = 0x180
                    0x0180                  _OC1RS = 0x180
                    0x0182                  OC1R = 0x182
                    0x0182                  _OC1R = 0x182
                    0x0184                  OC1CON = 0x184
                    0x0184                  _OC1CON = 0x184
                    0x0184                  _OC1CONbits = 0x184
                    0x0186                  OC2RS = 0x186
                    0x0186                  _OC2RS = 0x186
                    0x0188                  OC2R = 0x188
                    0x0188                  _OC2R = 0x188
                    0x018a                  OC2CON = 0x18a
                    0x018a                  _OC2CON = 0x18a
                    0x018a                  _OC2CONbits = 0x18a
                    0x018c                  OC3RS = 0x18c
                    0x018c                  _OC3RS = 0x18c
                    0x018e                  OC3R = 0x18e
                    0x018e                  _OC3R = 0x18e
                    0x0190                  OC3CON = 0x190
                    0x0190                  _OC3CON = 0x190
                    0x0190                  _OC3CONbits = 0x190
                    0x0192                  OC4RS = 0x192
                    0x0192                  _OC4RS = 0x192
                    0x0194                  OC4R = 0x194
                    0x0194                  _OC4R = 0x194
                    0x0196                  OC4CON = 0x196
                    0x0196                  _OC4CON = 0x196
                    0x0196                  _OC4CONbits = 0x196
                    0x0198                  OC5RS = 0x198
                    0x0198                  _OC5RS = 0x198
                    0x019a                  OC5R = 0x19a
                    0x019a                  _OC5R = 0x19a
                    0x019c                  OC5CON = 0x19c
                    0x019c                  _OC5CON = 0x19c
                    0x019c                  _OC5CONbits = 0x19c
                    0x0200                  I2C1RCV = 0x200
                    0x0200                  _I2C1RCV = 0x200
                    0x0202                  I2C1TRN = 0x202
                    0x0202                  _I2C1TRN = 0x202
                    0x0204                  I2C1BRG = 0x204
                    0x0204                  _I2C1BRG = 0x204
                    0x0206                  I2C1CON = 0x206
                    0x0206                  _I2C1CON = 0x206
                    0x0206                  _I2C1CONbits = 0x206
                    0x0208                  I2C1STAT = 0x208
                    0x0208                  _I2C1STAT = 0x208
                    0x0208                  _I2C1STATbits = 0x208
                    0x020a                  I2C1ADD = 0x20a
                    0x020a                  _I2C1ADD = 0x20a
                    0x020c                  I2C1MSK = 0x20c
                    0x020c                  _I2C1MSK = 0x20c
                    0x0210                  I2C2RCV = 0x210
                    0x0210                  _I2C2RCV = 0x210
                    0x0212                  I2C2TRN = 0x212
                    0x0212                  _I2C2TRN = 0x212
                    0x0214                  I2C2BRG = 0x214
                    0x0214                  _I2C2BRG = 0x214
                    0x0216                  I2C2CON = 0x216
                    0x0216                  _I2C2CON = 0x216
                    0x0216                  _I2C2CONbits = 0x216
                    0x0218                  I2C2STAT = 0x218
                    0x0218                  _I2C2STAT = 0x218
                    0x0218                  _I2C2STATbits = 0x218
                    0x021a                  I2C2ADD = 0x21a
                    0x021a                  _I2C2ADD = 0x21a
                    0x021c                  I2C2MSK = 0x21c
                    0x021c                  _I2C2MSK = 0x21c
                    0x0220                  U1MODE = 0x220
                    0x0220                  _U1MODE = 0x220
                    0x0220                  _U1MODEbits = 0x220
                    0x0222                  U1STA = 0x222
                    0x0222                  _U1STA = 0x222
                    0x0222                  _U1STAbits = 0x222
                    0x0224                  U1TXREG = 0x224
                    0x0224                  _U1TXREG = 0x224
                    0x0226                  U1RXREG = 0x226
                    0x0226                  _U1RXREG = 0x226
                    0x0228                  U1BRG = 0x228
                    0x0228                  _U1BRG = 0x228
                    0x0230                  U2MODE = 0x230
                    0x0230                  _U2MODE = 0x230
                    0x0230                  _U2MODEbits = 0x230
                    0x0232                  U2STA = 0x232
                    0x0232                  _U2STA = 0x232
                    0x0232                  _U2STAbits = 0x232
                    0x0234                  U2TXREG = 0x234
                    0x0234                  _U2TXREG = 0x234
                    0x0236                  U2RXREG = 0x236
                    0x0236                  _U2RXREG = 0x236
                    0x0238                  U2BRG = 0x238
                    0x0238                  _U2BRG = 0x238
                    0x0240                  SPI1STAT = 0x240
                    0x0240                  _SPI1STAT = 0x240
                    0x0240                  _SPI1STATbits = 0x240
                    0x0242                  SPI1CON1 = 0x242
                    0x0242                  _SPI1CON1 = 0x242
                    0x0242                  _SPI1CON1bits = 0x242
                    0x0244                  SPI1CON2 = 0x244
                    0x0244                  _SPI1CON2 = 0x244
                    0x0244                  _SPI1CON2bits = 0x244
                    0x0248                  SPI1BUF = 0x248
                    0x0248                  _SPI1BUF = 0x248
                    0x0260                  SPI2STAT = 0x260
                    0x0260                  _SPI2STAT = 0x260
                    0x0260                  _SPI2STATbits = 0x260
                    0x0262                  SPI2CON1 = 0x262
                    0x0262                  _SPI2CON1 = 0x262
                    0x0262                  _SPI2CON1bits = 0x262
                    0x0264                  SPI2CON2 = 0x264
                    0x0264                  _SPI2CON2 = 0x264
                    0x0264                  _SPI2CON2bits = 0x264
                    0x0268                  SPI2BUF = 0x268
                    0x0268                  _SPI2BUF = 0x268
                    0x02c0                  TRISA = 0x2c0
                    0x02c0                  _TRISA = 0x2c0
                    0x02c0                  _TRISAbits = 0x2c0
                    0x02c2                  PORTA = 0x2c2
                    0x02c2                  _PORTA = 0x2c2
                    0x02c2                  _PORTAbits = 0x2c2
                    0x02c4                  LATA = 0x2c4
                    0x02c4                  _LATA = 0x2c4
                    0x02c4                  _LATAbits = 0x2c4
                    0x02c6                  ODCA = 0x2c6
                    0x02c6                  _ODCA = 0x2c6
                    0x02c6                  _ODCAbits = 0x2c6
                    0x02c8                  TRISB = 0x2c8
                    0x02c8                  _TRISB = 0x2c8
                    0x02c8                  _TRISBbits = 0x2c8
                    0x02ca                  PORTB = 0x2ca
                    0x02ca                  _PORTB = 0x2ca
                    0x02ca                  _PORTBbits = 0x2ca
                    0x02cc                  LATB = 0x2cc
                    0x02cc                  _LATB = 0x2cc
                    0x02cc                  _LATBbits = 0x2cc
                    0x02ce                  ODCB = 0x2ce
                    0x02ce                  _ODCB = 0x2ce
                    0x02ce                  _ODCBbits = 0x2ce
                    0x02d0                  TRISC = 0x2d0
                    0x02d0                  _TRISC = 0x2d0
                    0x02d0                  _TRISCbits = 0x2d0
                    0x02d2                  PORTC = 0x2d2
                    0x02d2                  _PORTC = 0x2d2
                    0x02d2                  _PORTCbits = 0x2d2
                    0x02d4                  LATC = 0x2d4
                    0x02d4                  _LATC = 0x2d4
                    0x02d4                  _LATCbits = 0x2d4
                    0x02d6                  ODCC = 0x2d6
                    0x02d6                  _ODCC = 0x2d6
                    0x02d6                  _ODCCbits = 0x2d6
                    0x02fc                  PADCFG1 = 0x2fc
                    0x02fc                  _PADCFG1 = 0x2fc
                    0x02fc                  _PADCFG1bits = 0x2fc
                    0x0300                  ADC1BUF0 = 0x300
                    0x0300                  _ADC1BUF0 = 0x300
                    0x0302                  ADC1BUF1 = 0x302
                    0x0302                  _ADC1BUF1 = 0x302
                    0x0304                  ADC1BUF2 = 0x304
                    0x0304                  _ADC1BUF2 = 0x304
                    0x0306                  ADC1BUF3 = 0x306
                    0x0306                  _ADC1BUF3 = 0x306
                    0x0308                  ADC1BUF4 = 0x308
                    0x0308                  _ADC1BUF4 = 0x308
                    0x030a                  ADC1BUF5 = 0x30a
                    0x030a                  _ADC1BUF5 = 0x30a
                    0x030c                  ADC1BUF6 = 0x30c
                    0x030c                  _ADC1BUF6 = 0x30c
                    0x030e                  ADC1BUF7 = 0x30e
                    0x030e                  _ADC1BUF7 = 0x30e
                    0x0310                  ADC1BUF8 = 0x310
                    0x0310                  _ADC1BUF8 = 0x310
                    0x0312                  ADC1BUF9 = 0x312
                    0x0312                  _ADC1BUF9 = 0x312
                    0x0314                  ADC1BUFA = 0x314
                    0x0314                  _ADC1BUFA = 0x314
                    0x0316                  ADC1BUFB = 0x316
                    0x0316                  _ADC1BUFB = 0x316
                    0x0318                  ADC1BUFC = 0x318
                    0x0318                  _ADC1BUFC = 0x318
                    0x031a                  ADC1BUFD = 0x31a
                    0x031a                  _ADC1BUFD = 0x31a
                    0x031c                  ADC1BUFE = 0x31c
                    0x031c                  _ADC1BUFE = 0x31c
                    0x031e                  ADC1BUFF = 0x31e
                    0x031e                  _ADC1BUFF = 0x31e
                    0x0320                  AD1CON1 = 0x320
                    0x0320                  _AD1CON1 = 0x320
                    0x0320                  _AD1CON1bits = 0x320
                    0x0322                  AD1CON2 = 0x322
                    0x0322                  _AD1CON2 = 0x322
                    0x0322                  _AD1CON2bits = 0x322
                    0x0324                  AD1CON3 = 0x324
                    0x0324                  _AD1CON3 = 0x324
                    0x0324                  _AD1CON3bits = 0x324
                    0x0328                  AD1CHS = 0x328
                    0x0328                  _AD1CHS = 0x328
                    0x0328                  _AD1CHSbits = 0x328
                    0x032c                  AD1PCFG = 0x32c
                    0x032c                  _AD1PCFG = 0x32c
                    0x032c                  _AD1PCFGbits = 0x32c
                    0x0330                  AD1CSSL = 0x330
                    0x0330                  _AD1CSSL = 0x330
                    0x0330                  _AD1CSSLbits = 0x330
                    0x0600                  PMCON = 0x600
                    0x0600                  _PMCON = 0x600
                    0x0600                  _PMCONbits = 0x600
                    0x0602                  PMMODE = 0x602
                    0x0602                  _PMMODE = 0x602
                    0x0602                  _PMMODEbits = 0x602
                    0x0604                  PMADDR = 0x604
                    0x0604                  _PMADDR = 0x604
                    0x0604                  _PMADDRbits = 0x604
                    0x0604                  PMDOUT1 = 0x604
                    0x0604                  _PMDOUT1 = 0x604
                    0x0604                  _PMDOUT1bits = 0x604
                    0x0606                  PMDOUT2 = 0x606
                    0x0606                  _PMDOUT2 = 0x606
                    0x0608                  PMDIN1 = 0x608
                    0x0608                  _PMDIN1 = 0x608
                    0x060a                  PMDIN2 = 0x60a
                    0x060a                  _PMDIN2 = 0x60a
                    0x060c                  PMAEN = 0x60c
                    0x060c                  _PMAEN = 0x60c
                    0x060c                  _PMAENbits = 0x60c
                    0x060e                  PMSTAT = 0x60e
                    0x060e                  _PMSTAT = 0x60e
                    0x060e                  _PMSTATbits = 0x60e
                    0x0620                  ALRMVAL = 0x620
                    0x0620                  _ALRMVAL = 0x620
                    0x0622                  ALCFGRPT = 0x622
                    0x0622                  _ALCFGRPT = 0x622
                    0x0622                  _ALCFGRPTbits = 0x622
                    0x0624                  RTCVAL = 0x624
                    0x0624                  _RTCVAL = 0x624
                    0x0626                  RCFGCAL = 0x626
                    0x0626                  _RCFGCAL = 0x626
                    0x0626                  _RCFGCALbits = 0x626
                    0x0630                  CMCON = 0x630
                    0x0630                  _CMCON = 0x630
                    0x0630                  _CMCONbits = 0x630
                    0x0632                  CVRCON = 0x632
                    0x0632                  _CVRCON = 0x632
                    0x0632                  _CVRCONbits = 0x632
                    0x0640                  CRCCON = 0x640
                    0x0640                  _CRCCON = 0x640
                    0x0640                  _CRCCONbits = 0x640
                    0x0642                  CRCXOR = 0x642
                    0x0642                  _CRCXOR = 0x642
                    0x0642                  _CRCXORbits = 0x642
                    0x0644                  CRCDAT = 0x644
                    0x0644                  _CRCDAT = 0x644
                    0x0646                  CRCWDAT = 0x646
                    0x0646                  _CRCWDAT = 0x646
                    0x0680                  RPINR0 = 0x680
                    0x0680                  _RPINR0 = 0x680
                    0x0680                  _RPINR0bits = 0x680
                    0x0682                  RPINR1 = 0x682
                    0x0682                  _RPINR1 = 0x682
                    0x0682                  _RPINR1bits = 0x682
                    0x0686                  RPINR3 = 0x686
                    0x0686                  _RPINR3 = 0x686
                    0x0686                  _RPINR3bits = 0x686
                    0x0688                  RPINR4 = 0x688
                    0x0688                  _RPINR4 = 0x688
                    0x0688                  _RPINR4bits = 0x688
                    0x068e                  RPINR7 = 0x68e
                    0x068e                  _RPINR7 = 0x68e
                    0x068e                  _RPINR7bits = 0x68e
                    0x0690                  RPINR8 = 0x690
                    0x0690                  _RPINR8 = 0x690
                    0x0690                  _RPINR8bits = 0x690
                    0x0692                  RPINR9 = 0x692
                    0x0692                  _RPINR9 = 0x692
                    0x0692                  _RPINR9bits = 0x692
                    0x0696                  RPINR11 = 0x696
                    0x0696                  _RPINR11 = 0x696
                    0x0696                  _RPINR11bits = 0x696
                    0x06a4                  RPINR18 = 0x6a4
                    0x06a4                  _RPINR18 = 0x6a4
                    0x06a4                  _RPINR18bits = 0x6a4
                    0x06a6                  RPINR19 = 0x6a6
                    0x06a6                  _RPINR19 = 0x6a6
                    0x06a6                  _RPINR19bits = 0x6a6
                    0x06a8                  RPINR20 = 0x6a8
                    0x06a8                  _RPINR20 = 0x6a8
                    0x06a8                  _RPINR20bits = 0x6a8
                    0x06aa                  RPINR21 = 0x6aa
                    0x06aa                  _RPINR21 = 0x6aa
                    0x06aa                  _RPINR21bits = 0x6aa
                    0x06ac                  RPINR22 = 0x6ac
                    0x06ac                  _RPINR22 = 0x6ac
                    0x06ac                  _RPINR22bits = 0x6ac
                    0x06ae                  RPINR23 = 0x6ae
                    0x06ae                  _RPINR23 = 0x6ae
                    0x06ae                  _RPINR23bits = 0x6ae
                    0x06c0                  RPOR0 = 0x6c0
                    0x06c0                  _RPOR0 = 0x6c0
                    0x06c0                  _RPOR0bits = 0x6c0
                    0x06c2                  RPOR1 = 0x6c2
                    0x06c2                  _RPOR1 = 0x6c2
                    0x06c2                  _RPOR1bits = 0x6c2
                    0x06c4                  RPOR2 = 0x6c4
                    0x06c4                  _RPOR2 = 0x6c4
                    0x06c4                  _RPOR2bits = 0x6c4
                    0x06c6                  RPOR3 = 0x6c6
                    0x06c6                  _RPOR3 = 0x6c6
                    0x06c6                  _RPOR3bits = 0x6c6
                    0x06c8                  RPOR4 = 0x6c8
                    0x06c8                  _RPOR4 = 0x6c8
                    0x06c8                  _RPOR4bits = 0x6c8
                    0x06ca                  RPOR5 = 0x6ca
                    0x06ca                  _RPOR5 = 0x6ca
                    0x06ca                  _RPOR5bits = 0x6ca
                    0x06cc                  RPOR6 = 0x6cc
                    0x06cc                  _RPOR6 = 0x6cc
                    0x06cc                  _RPOR6bits = 0x6cc
                    0x06ce                  RPOR7 = 0x6ce
                    0x06ce                  _RPOR7 = 0x6ce
                    0x06ce                  _RPOR7bits = 0x6ce
                    0x06d0                  RPOR8 = 0x6d0
                    0x06d0                  _RPOR8 = 0x6d0
                    0x06d0                  _RPOR8bits = 0x6d0
                    0x06d2                  RPOR9 = 0x6d2
                    0x06d2                  _RPOR9 = 0x6d2
                    0x06d2                  _RPOR9bits = 0x6d2
                    0x06d4                  RPOR10 = 0x6d4
                    0x06d4                  _RPOR10 = 0x6d4
                    0x06d4                  _RPOR10bits = 0x6d4
                    0x06d6                  RPOR11 = 0x6d6
                    0x06d6                  _RPOR11 = 0x6d6
                    0x06d6                  _RPOR11bits = 0x6d6
                    0x06d8                  RPOR12 = 0x6d8
                    0x06d8                  _RPOR12 = 0x6d8
                    0x06d8                  _RPOR12bits = 0x6d8
                    0x0740                  RCON = 0x740
                    0x0740                  _RCON = 0x740
                    0x0740                  _RCONbits = 0x740
                    0x0742                  OSCCON = 0x742
                    0x0742                  _OSCCON = 0x742
                    0x0742                  _OSCCONbits = 0x742
                    0x0742                  OSCCONL = 0x742
                    0x0742                  _OSCCONL = 0x742
                    0x0743                  OSCCONH = 0x743
                    0x0743                  _OSCCONH = 0x743
                    0x0744                  CLKDIV = 0x744
                    0x0744                  _CLKDIV = 0x744
                    0x0744                  _CLKDIVbits = 0x744
                    0x0748                  OSCTUN = 0x748
                    0x0748                  _OSCTUN = 0x748
                    0x0748                  _OSCTUNbits = 0x748
                    0x0760                  NVMCON = 0x760
                    0x0760                  _NVMCON = 0x760
                    0x0760                  _NVMCONbits = 0x760
                    0x0766                  NVMKEY = 0x766
                    0x0766                  _NVMKEY = 0x766
                    0x0770                  PMD1 = 0x770
                    0x0770                  _PMD1 = 0x770
                    0x0770                  _PMD1bits = 0x770
                    0x0772                  PMD2 = 0x772
                    0x0772                  _PMD2 = 0x772
                    0x0772                  _PMD2bits = 0x772
                    0x0774                  PMD3 = 0x774
                    0x0774                  _PMD3 = 0x774
                    0x0774                  _PMD3bits = 0x774
                    0x0140                  IC1 = 0x140
                    0x0140                  _IC1 = 0x140
                    0x0144                  IC2 = 0x144
                    0x0144                  _IC2 = 0x144
                    0x0148                  IC3 = 0x148
                    0x0148                  _IC3 = 0x148
                    0x014c                  IC4 = 0x14c
                    0x014c                  _IC4 = 0x14c
                    0x0150                  IC5 = 0x150
                    0x0150                  _IC5 = 0x150
                    0x0180                  OC1 = 0x180
                    0x0180                  _OC1 = 0x180
                    0x0186                  OC2 = 0x186
                    0x0186                  _OC2 = 0x186
                    0x018c                  OC3 = 0x18c
                    0x018c                  _OC3 = 0x18c
                    0x0192                  OC4 = 0x192
                    0x0192                  _OC4 = 0x192
                    0x0198                  OC5 = 0x198
                    0x0198                  _OC5 = 0x198
                    0x0240                  SPI1 = 0x240
                    0x0240                  _SPI1 = 0x240
                    0x0260                  SPI2 = 0x260
                    0x0260                  _SPI2 = 0x260
                    0x0220                  UART1 = 0x220
                    0x0220                  _UART1 = 0x220
                    0x0230                  UART2 = 0x230
                    0x0230                  _UART2 = 0x230
START GROUP
LOAD c:/program files/microchip/xc16/v1.70/bin/bin/../../lib\libpic30-elf.a
LOAD c:/program files/microchip/xc16/v1.70/bin/bin/../../lib\libm-elf.a
LOAD c:/program files/microchip/xc16/v1.70/bin/bin/../../lib\libc-elf.a
END GROUP
OUTPUT(dist/default/production/Jiga_AMT_8000_V2_4.X.production.elf elf32-pic30)
LOAD default_isr
LOAD data_init

.debug_pubtypes
                  0x0000f0        0x2de
 .debug_pubtypes
                  0x0000f0         0x12 build/default/production/_ext/1472/ApoioTeste.o
 .debug_pubtypes
                  0x000102         0x12 build/default/production/_ext/1472/ConversorAD.o
 .debug_pubtypes
                  0x000114         0x12 build/default/production/_ext/1472/Display.o
 .debug_pubtypes
                  0x000126         0x12 build/default/production/_ext/1472/InicioFimTeste.o
 .debug_pubtypes
                  0x000138         0x59 build/default/production/_ext/1472/Interrupcao.o
 .debug_pubtypes
                  0x000191         0x12 build/default/production/_ext/1472/Reles.o
 .debug_pubtypes
                  0x0001a3         0x5b build/default/production/_ext/1472/bus_master.o
 .debug_pubtypes
                  0x0001fe         0x12 build/default/production/_ext/1472/Gravador.o
 .debug_pubtypes
                  0x000210        0x1ac build/default/production/_ext/1472/Placa_principal.o
 .debug_pubtypes
                  0x0003bc         0x12 build/default/production/_ext/1472/RotinaTeste_AMT8000_V_2_4.o

__c30_signature
                  0x0003ce         0x48
 __c30_signature
                  0x0003ce          0x6 build/default/production/_ext/1472/ApoioTeste.o
 __c30_signature
                  0x0003d4          0x6 build/default/production/_ext/1472/ConversorAD.o
 __c30_signature
                  0x0003da          0x6 build/default/production/_ext/1472/Display.o
 __c30_signature
                  0x0003e0          0x6 build/default/production/_ext/1472/InicioFimTeste.o
 __c30_signature
                  0x0003e6          0x6 build/default/production/_ext/1472/Interrupcao.o
 __c30_signature
                  0x0003ec          0x6 build/default/production/_ext/1472/Reles.o
 __c30_signature
                  0x0003f2          0x6 build/default/production/_ext/1472/bus_master.o
 __c30_signature
                  0x0003f8          0x6 build/default/production/_ext/1472/Gravador.o
 __c30_signature
                  0x0003fe          0x6 build/default/production/_ext/1472/Placa_principal.o
 __c30_signature
                  0x000404          0x6 build/default/production/_ext/1472/RotinaTeste_AMT8000_V_2_4.o
 __c30_signature
                  0x00040a          0x6 c:/program files/microchip/xc16/v1.70/bin/bin/../../lib\libpic30-elf.a(crt0_standard.o)
 __c30_signature
                  0x000410          0x6 c:/program files/microchip/xc16/v1.70/bin/bin/../../lib\libpic30-elf.a(data_init_standard.o)

.nbss               0x0800         0xa4
 .nbss              0x0800         0x6c build/default/production/_ext/1472/Placa_principal.o
                    0x0800                  _BUS_CRC
                    0x0801                  _board_type
                    0x0802                  _board_type_recieved
                    0x0803                  _addr_slave
                    0x0804                  _addr_recieved
                    0x0805                  _send_msg_state
                    0x0806                  _comand
                    0x0807                  _rx_count
                    0x0808                  _tx_count
                    0x0809                  _num_bytes
                    0x080a                  _BUS_ACK
                    0x080b                  _full_recieved
                    0x080c                  _chave_S1_acionada
                    0x080d                  _chave_S2_acionada
                    0x080e                  _chave_S3_acionada
                    0x080f                  _flag_chave
                    0x0810                  _time_adc
                    0x0811                  _temp
                    0x0812                  _chaves_old
                    0x0814                  _BUS_timeout
                    0x0816                  _loop_query
                    0x0818                  _mseg_temp
                    0x081a                  _ADCValue
                    0x081c                  _delay
                    0x081e                  __flags
                    0x0820                  _ErroTesteReles
                    0x0822                  _IniciaTesteReles
                    0x0824                  _DelayTesteReles
                    0x0826                  _ResetAtv
                    0x0828                  _TempoEmTeste
                    0x082a                  _EstagioTeste
                    0x082c                  _EmTeste
                    0x082e                  _TesteOK
                    0x0830                  _TestDelay
                    0x0832                  _TeclaPressionada
                    0x0834                  _VerifyPresentBusDevicesFlag
                    0x0836                  _LeTeclasDelay
                    0x0838                  _IniciaTesteFlag
                    0x083a                  _IniciaTesteState
                    0x083c                  _IniciaTesteDelay
                    0x083e                  _FinalizaTesteFlag
                    0x0840                  _FinalizaTesteState
                    0x0842                  _FinalizaTesteDelay
                    0x0844                  _TestTimeout
                    0x0846                  _ResultTimeoutFlag
                    0x0848                  _TimeoutFimTeste
                    0x084a                  _Placa
                    0x084c                  _CalibraJiga
                    0x084d                  _GravaFWTeste
                    0x084e                  _RepeteGravacao
                    0x0850                  _LiberaTestePlaca1
                    0x0852                  _LiberaTestePlaca2
                    0x0854                  _MsgToShowPtr_RD
                    0x0855                  _MsgToShowPtr_WR
                    0x0856                  _MsgToShowDelay
                    0x0857                  _IndexMsgTimeOut
                    0x0858                  _TemErro
                    0x085a                  _TimeOutDelay
                    0x085c                  _TimeOutGrava
                    0x085e                  _ContadorErro
                    0x0860                  __ApoioFlags
                    0x0862                  _OnOffRelay_msDelay
                    0x0864                  _OffOnRelay_msDelay
                    0x0866                  _Count
                    0x0868                  _Counter
                    0x086a                  _Counter_Nok
 .nbss              0x086c         0x14 build/default/production/_ext/1472/RotinaTeste_AMT8000_V_2_4.o
                    0x086c                  _grava
                    0x086e                  _VarErro
                    0x0870                  _GRVerified
                    0x0871                  _count
                    0x0872                  _valor
                    0x0873                  _SinalizaErroPlaca1
                    0x0874                  _SinalizaErroPlaca2
                    0x0875                  _DefeitoPlaca1
                    0x0876                  _DefeitoPlaca2
                    0x0877                  _PosicaoPlaca1
                    0x0878                  _PosicaoPlaca2
 .nbss              0x0880          0xc build/default/production/_ext/1472/ApoioTeste.o
 .nbss              0x088c          0xc build/default/production/_ext/1472/Interrupcao.o
 .nbss              0x0898          0x8 build/default/production/_ext/1472/ConversorAD.o
                    0x0898                  _LarguraPulsoAlto
                    0x089a                  _LarguraPulsoBaixo
                    0x089c                  _LarguraPulsoAltoInst
                    0x089e                  _LarguraPulsoBaixoInst
 .nbss              0x08a0          0x4 build/default/production/_ext/1472/bus_master.o
                    0x08a0                  _RecieveTimeout

.bss                0x08a4        0x1c8
 .bss               0x08a4        0x19a build/default/production/_ext/1472/Placa_principal.o
                    0x08a4                  _bus_rx_buffer
                    0x091c                  _bus_tx_buffer
                    0x0994                  _versao
                    0x09b2                  _StatusGr
                    0x09c2                  _bus_fail_counter
                    0x09da                  _MsgToShowBuffer
 .bss               0x0a3e         0x2a build/default/production/_ext/1472/RotinaTeste_AMT8000_V_2_4.o
                    0x0a3e                  _Placa1
                    0x0a50                  _Placa2
                    0x0a62                  _GRError
                    0x0a64                  _GravacaoOk
                    0x0a66                  _PlacaOk
 .bss               0x0a68          0x4 build/default/production/_ext/1472/bus_master.o

.ivt._T5Interrupt
                  0x00004c          0x2
 .ivt._T5Interrupt
                  0x00004c          0x2 build/default/production/_ext/1472/Interrupcao.o

.ivt._T1Interrupt
                  0x00001a          0x2
 .ivt._T1Interrupt
                  0x00001a          0x2 build/default/production/_ext/1472/Interrupcao.o

.const              0x83fe       0x12fa load address 0x0003fe  
 .const             0x83fe       0x12c0 build/default/production/_ext/1472/Display.o
                    0x83fe                  _MensagensGerais
                    0x8d5e                  _MensagensFixas
 .const             0x96be         0x3a build/default/production/_ext/1472/bus_master.o
                    0x96be                  _PresentDevices
                    0x96d1                  _Type
                    0x96e4                  _Address

.text             0x0016f8       0x2094
 .text            0x0016f8       0x13ce build/default/production/_ext/1472/RotinaTeste_AMT8000_V_2_4.o
                  0x0016f8                  _MostraResultado
                  0x001afe                  _VerificaGravacao
                  0x001d5a                  _RotinaDeTeste
 .text            0x002ac6        0x4de build/default/production/_ext/1472/bus_master.o
                  0x002ac6                  _BUS_Proc
                  0x002ddc                  _BusSendMessage
                  0x002e34                  _PutErrorMessageOnBuffer
                  0x002e52                  _VerifyPresentBusDevices
                  0x002f16                  _ShowErrorMessages
 .text            0x002fa4        0x2ce build/default/production/_ext/1472/InicioFimTeste.o
                  0x002fa4                  _VerificaTeclas
                  0x003092                  _IniciaTeste
                  0x00316a                  _FinalizaTeste
                  0x003212                  _ResultTimeout
 .text            0x003272        0x1f6 build/default/production/_ext/1472/Display.o
                  0x003272                  _LimpaDisplay
                  0x003280                  _SendTextMessage
                  0x0032f6                  _EmiteBipe
                  0x003314                  _LimpaBufferTeclasDisplay
                  0x003322                  _ExibeTensaoLida
                  0x00335e                  _EstadoTeclas
                  0x003384                  _SendProductName
                  0x003392                  _ExibeContador
 .text            0x003468        0x134 build/default/production/_ext/1472/ConversorAD.o
                  0x003468                  _SetAverageVoltage
                  0x003496                  _ADReadVoltage
                  0x0034f8                  _ADReadPeriod
                  0x00354a                  _ADReadInstantPeriod
 .text            0x00359c         0xda build/default/production/_ext/1472/ApoioTeste.o
                  0x00359c                  _SetOnOffRelay_ms
                  0x0035be                  _ExecuteOnOffRelay_ms
                  0x00360a                  _SetOffOnRelay_ms
                  0x00362a                  _ExecuteOffOnRelay_ms
 .text            0x003676         0xa2 build/default/production/_ext/1472/Placa_principal.o
                  0x003676                  _main
 .text            0x003718         0x74 build/default/production/_ext/1472/Gravador.o
                  0x003718                  _SetProcessador
                  0x003736                  _InitProg
                  0x003754                  _GrReadStatus

.dinit            0x00378c         0x38
 .dinit           0x00378c         0x38 data_init

.text             0x0037c4         0x44
 .text            0x0037c4         0x30 build/default/production/_ext/1472/Reles.o
                  0x0037c4                  _AlteraEstadoReles
                  0x0037e4                  _DesligaReles
 .text            0x0037f4         0x14 build/default/production/_ext/1472/Interrupcao.o
                  0x0037f4                  _Delay_ms
